// Jest Snapshot v1, https://goo.gl/fbAQLP

exports[`Pages Index should render without throwing an error 1`] = `
<div>
  Hello Next.js
</div>
`;
